// Jest Snapshot v1, https://goo.gl/fbAQLP

exports[`SpatialNavigationVirtualizedList renders the correct number of item 1`] = `
<View
  collapsable={false}
  style={
    {
      "flex": 1,
      "flexDirection": "row",
      "transform": [
        {
          "translateX": 0,
        },
      ],
      "width": 300,
    }
  }
  testID="test-list"
>
  <View>
    <View
      style={
        {
          "left": 0,
          "position": "absolute",
          "transform": [
            {
              "translateX": 0,
            },
          ],
        }
      }
    >
      <View
        accessibilityHint="button 1"
        accessibilityLabel="button 1"
        accessibilityRole="button"
        accessibilityState={
          {
            "selected": true,
          }
        }
        accessible={true}
        isFocused={true}
        style={
          [
            {
              "backgroundColor": "red",
              "borderRadius": 100,
              "padding": 6,
            },
            undefined,
          ]
        }
      >
        <Text>
          button 1
        </Text>
      </View>
    </View>
    <View
      style={
        {
          "left": 0,
          "position": "absolute",
          "transform": [
            {
              "translateX": 100,
            },
          ],
        }
      }
    >
      <View
        accessibilityHint="button 2"
        accessibilityLabel="button 2"
        accessibilityRole="button"
        accessibilityState={
          {
            "selected": false,
          }
        }
        accessible={true}
        isFocused={false}
        style={
          [
            {
              "backgroundColor": "transparent",
              "borderRadius": 100,
              "padding": 6,
            },
            undefined,
          ]
        }
      >
        <Text>
          button 2
        </Text>
      </View>
    </View>
    <View
      style={
        {
          "left": 0,
          "position": "absolute",
          "transform": [
            {
              "translateX": 200,
            },
          ],
        }
      }
    >
      <View
        accessibilityHint="button 3"
        accessibilityLabel="button 3"
        accessibilityRole="button"
        accessibilityState={
          {
            "selected": false,
          }
        }
        accessible={true}
        isFocused={false}
        style={
          [
            {
              "backgroundColor": "transparent",
              "borderRadius": 100,
              "padding": 6,
            },
            undefined,
          ]
        }
      >
        <Text>
          button 3
        </Text>
      </View>
    </View>
    <View
      style={
        {
          "left": 0,
          "position": "absolute",
          "transform": [
            {
              "translateX": 300,
            },
          ],
        }
      }
    >
      <View
        accessibilityHint="button 4"
        accessibilityLabel="button 4"
        accessibilityRole="button"
        accessibilityState={
          {
            "selected": false,
          }
        }
        accessible={true}
        isFocused={false}
        style={
          [
            {
              "backgroundColor": "transparent",
              "borderRadius": 100,
              "padding": 6,
            },
            undefined,
          ]
        }
      >
        <Text>
          button 4
        </Text>
      </View>
    </View>
    <View
      style={
        {
          "left": 0,
          "position": "absolute",
          "transform": [
            {
              "translateX": 400,
            },
          ],
        }
      }
    >
      <View
        accessibilityHint="button 5"
        accessibilityLabel="button 5"
        accessibilityRole="button"
        accessibilityState={
          {
            "selected": false,
          }
        }
        accessible={true}
        isFocused={false}
        style={
          [
            {
              "backgroundColor": "transparent",
              "borderRadius": 100,
              "padding": 6,
            },
            undefined,
          ]
        }
      >
        <Text>
          button 5
        </Text>
      </View>
    </View>
  </View>
</View>
`;
